Archive member included to satisfy reference by file (symbol)

../../lib/sched/libsched.a(scheduler.o)
                              kernel.o (CScheduler::CScheduler())
../../lib/sched/libsched.a(taskswitch.o)
                              ../../lib/sched/libsched.a(scheduler.o) (TaskSwitch)
../../lib/sched/libsched.a(task.o)
                              ../../lib/sched/libsched.a(scheduler.o) (CTask::CTask(unsigned int, bool))
../../lib/sched/libsched.a(synchronizationevent.o)
                              ../../lib/sched/libsched.a(task.o) (CSynchronizationEvent::CSynchronizationEvent(bool))
../../lib/sound/libsound.a(soundbasedevice.o)
                              kernel.o (CSoundBaseDevice::AllocateQueue(unsigned int))
../../lib/sound/libsound.a(hdmisoundbasedevice.o)
                              kernel.o (CHDMISoundBaseDevice::CHDMISoundBaseDevice(CInterruptSystem*, unsigned int, unsigned int))
../../lib/sound/libsound.a(i2ssoundbasedevice.o)
                              kernel.o (CI2SSoundBaseDevice::CI2SSoundBaseDevice(CInterruptSystem*, unsigned int, unsigned int, bool, CI2CMaster*, unsigned char, CI2SSoundBaseDevice::TDeviceMode))
../../lib/sound/libsound.a(pwmsoundbasedevice.o)
                              kernel.o (CPWMSoundBaseDevice::CPWMSoundBaseDevice(CInterruptSystem*, unsigned int, unsigned int))
../../lib/sound/libsound.a(pcm512xsoundcontroller.o)
                              ../../lib/sound/libsound.a(i2ssoundbasedevice.o) (CPCM512xSoundController::CPCM512xSoundController(CI2CMaster*, unsigned char))
../../lib/sound/libsound.a(wm8960soundcontroller.o)
                              ../../lib/sound/libsound.a(i2ssoundbasedevice.o) (CWM8960SoundController::CWM8960SoundController(CI2CMaster*, unsigned char))
../../lib/sound/libsound.a(dmasoundbuffers.o)
                              ../../lib/sound/libsound.a(i2ssoundbasedevice.o) (CDMASoundBuffers::CDMASoundBuffers(bool, unsigned int, TDREQ, unsigned int, CInterruptSystem*))
../../lib/usb/libusb.a(dwhcidevice.o)
                              kernel.o (CDWHCIDevice::CDWHCIDevice(CInterruptSystem*, CTimer*, bool))
../../lib/usb/libusb.a(dwhciframeschednper.o)
                              ../../lib/usb/libusb.a(dwhcidevice.o) (CDWHCIFrameSchedulerNonPeriodic::InitProtectedAllocator(unsigned int, unsigned int))
../../lib/usb/libusb.a(dwhciframeschednsplit.o)
                              ../../lib/usb/libusb.a(dwhcidevice.o) (CDWHCIFrameSchedulerNoSplit::InitProtectedAllocator(unsigned int, unsigned int))
../../lib/usb/libusb.a(dwhciframeschedper.o)
                              ../../lib/usb/libusb.a(dwhcidevice.o) (CDWHCIFrameSchedulerPeriodic::InitProtectedAllocator(unsigned int, unsigned int))
../../lib/usb/libusb.a(dwhcirootport.o)
                              ../../lib/usb/libusb.a(dwhcidevice.o) (CDWHCIRootPort::~CDWHCIRootPort())
../../lib/usb/libusb.a(dwhcixactqueue.o)
                              ../../lib/usb/libusb.a(dwhcidevice.o) (CDWHCITransactionQueue::CDWHCITransactionQueue(unsigned int, unsigned int))
../../lib/usb/libusb.a(dwhcixferstagedata.o)
                              ../../lib/usb/libusb.a(dwhcidevice.o) (CDWHCITransferStageData::CDWHCITransferStageData(unsigned int, CUSBRequest*, bool, bool, unsigned int))
../../lib/usb/libusb.a(dwhciframeschediso.o)
                              ../../lib/usb/libusb.a(dwhcixferstagedata.o) (CDWHCIFrameSchedulerIsochronous::CDWHCIFrameSchedulerIsochronous(bool))
../../lib/usb/libusb.a(usbdevice.o)
                              ../../lib/usb/libusb.a(dwhcirootport.o) (CUSBDevice::CUSBDevice(CUSBHostController*, TUSBSpeed, CUSBHCIRootPort*))
../../lib/usb/libusb.a(usbdevicefactory.o)
                              ../../lib/usb/libusb.a(usbdevice.o) (CUSBDeviceFactory::GetDevice(CUSBFunction*, CString*))
../../lib/usb/libusb.a(usbendpoint.o)
                              ../../lib/usb/libusb.a(usbdevice.o) (CUSBEndpoint::CUSBEndpoint(CUSBDevice*))
../../lib/usb/libusb.a(usbfunction.o)
                              ../../lib/usb/libusb.a(usbdevicefactory.o) (CUSBFunction::~CUSBFunction())
../../lib/usb/libusb.a(usbgamepadps3.o)
                              ../../lib/usb/libusb.a(usbdevicefactory.o) (CUSBGamePadPS3Device::CUSBGamePadPS3Device(CUSBFunction*))
../../lib/usb/libusb.a(usbgamepadps4.o)
                              ../../lib/usb/libusb.a(usbdevicefactory.o) (CUSBGamePadPS4Device::CUSBGamePadPS4Device(CUSBFunction*))
../../lib/usb/libusb.a(usbgamepadstandard.o)
                              ../../lib/usb/libusb.a(usbgamepadps3.o) (CUSBGamePadStandardDevice::~CUSBGamePadStandardDevice())
../../lib/usb/libusb.a(usbgamepadswitchpro.o)
                              ../../lib/usb/libusb.a(usbdevicefactory.o) (CUSBGamePadSwitchProDevice::CUSBGamePadSwitchProDevice(CUSBFunction*))
../../lib/usb/libusb.a(usbgamepadxbox360.o)
                              ../../lib/usb/libusb.a(usbdevicefactory.o) (CUSBGamePadXbox360Device::CUSBGamePadXbox360Device(CUSBFunction*))
[...]
Memory Configuration

Name             Origin             Length             Attributes
*default*        0x0000000000000000 0xffffffffffffffff

Linker script and memory map

Address of section .init set to 0x80000

.init           0x0000000000080000       0xa8
 *(.init)
 .init          0x0000000000080000       0xa8 ../../lib/libcircle.a(startup64.o)
                0x0000000000080000                _start

.text           0x0000000000080800    0x31e38
 *(.text*)
 .text          0x0000000000080800        0x0 main.o
 .text.startup  0x0000000000080800       0x44 main.o
                0x0000000000080800                main
 *fill*         0x0000000000080844        0xc 
 .text          0x0000000000080850      0x6e4 kernel.o
                0x0000000000080850                CKernel::CKernel()
                0x0000000000080850                CKernel::CKernel()
                0x00000000000809a0                CKernel::~CKernel()
                0x00000000000809a0                CKernel::~CKernel()
                0x0000000000080a50                CKernel::Initialize()
                0x0000000000080b20                CKernel::GetSoundData(void*, unsigned int)
                0x0000000000080bf0                CKernel::WriteSoundData(unsigned int)
                0x0000000000080cd0                CKernel::Run()
 *fill*         0x0000000000080f34        0xc 
 .text          0x0000000000080f40      0x2ec oscillator.o
                0x0000000000080f40                COscillator::~COscillator()
                0x0000000000080f40                COscillator::~COscillator()
                0x0000000000080f50                COscillator::GetOutputLevel() const
                0x0000000000080f60                COscillator::~COscillator()
                0x0000000000080f70                COscillator::COscillator(CSynthModule*)
                0x0000000000080f70                COscillator::COscillator(CSynthModule*)
                0x0000000000080f90                COscillator::SetWaveform(TWaveform)
                0x0000000000080fc0                COscillator::SetFrequency(float)
                0x0000000000080ff0                COscillator::SetModulationVolume(float)
                0x0000000000081030                COscillator::NextSample()
 *fill*         0x000000000008122c        0x4 
 .text          0x0000000000081230      0xcb4 ../../lib/sched/libsched.a(scheduler.o)
                0x0000000000081230                CScheduler::CScheduler()
                0x0000000000081230                CScheduler::CScheduler()
                0x00000000000812c0                CScheduler::~CScheduler()
                0x00000000000812c0                CScheduler::~CScheduler()
                0x00000000000812d0                CScheduler::GetCurrentTask()
                0x00000000000812e0                CScheduler::GetTask(char const*)
                0x0000000000081370                CScheduler::IsValidTask(CTask*)
                0x00000000000813c0                CScheduler::RegisterTaskSwitchHandler(void (*)(CTask*))
                0x0000000000081410                CScheduler::RegisterTaskTerminationHandler(void (*)(CTask*))
                0x0000000000081460                CScheduler::SuspendNewTasks()
                0x0000000000081470                CScheduler::ResumeNewTasks()
                0x0000000000081500                CScheduler::AddTask(CTask*)
                0x00000000000815d0                CScheduler::RemoveTask(CTask*)
                0x0000000000081640                CScheduler::WakeTasks(CTask**)
                0x0000000000081700                CScheduler::GetNextTask()
                0x00000000000818b0                CScheduler::Yield()
                0x0000000000081980                CScheduler::usSleep(unsigned int)
                0x0000000000081a10                CScheduler::BlockTask(CTask**, unsigned int)
                0x0000000000081bc0                CScheduler::Sleep(unsigned int)
                0x0000000000081c80                CScheduler::MsSleep(unsigned int)
                0x0000000000081d20                CScheduler::Get()
                0x0000000000081d50                CScheduler::ListTasks(CDevice*)
 .text          0x0000000000081ee4       0x8c ../../lib/sched/libsched.a(taskswitch.o)
                0x0000000000081ee4                TaskSwitch
 .text          0x0000000000081f70      0x438 ../../lib/sched/libsched.a(task.o)
                0x0000000000081f70                CTask::Run()
                0x0000000000081f90                CTask::TaskEntry(void*)
                0x0000000000082000                CTask::CTask(unsigned int, bool)
                0x0000000000082000                CTask::CTask(unsigned int, bool)
                0x0000000000082130                CTask::Start()
                0x0000000000082180                CTask::Suspend()
                0x00000000000821e0                CTask::Terminate()
                0x0000000000082220                CTask::WaitForTermination()
                0x0000000000082260                CTask::SetName(char const*)
                0x0000000000082270                CTask::GetName() const
                0x0000000000082280                CTask::SetUserData(void*, unsigned int)
                0x0000000000082290                CTask::GetUserData(unsigned int)
                0x00000000000822a0                CTask::InitializeRegs()
                0x0000000000082310                CTask::~CTask()
                0x0000000000082310                CTask::~CTask()
                0x0000000000082380                CTask::~CTask()
 *fill*         0x00000000000823a8        0x8 
 .text          0x00000000000823b0      0x158 ../../lib/sched/libsched.a(synchronizationevent.o)
                0x00000000000823b0                CSynchronizationEvent::CSynchronizationEvent(bool)
                0x00000000000823b0                CSynchronizationEvent::CSynchronizationEvent(bool)
                0x00000000000823c0                CSynchronizationEvent::~CSynchronizationEvent()
                0x00000000000823c0                CSynchronizationEvent::~CSynchronizationEvent()
                0x00000000000823f0                CSynchronizationEvent::GetState()
                0x0000000000082400                CSynchronizationEvent::Clear()
                0x0000000000082410                CSynchronizationEvent::Set()
                0x0000000000082450                CSynchronizationEvent::Pulse()
                0x0000000000082480                CSynchronizationEvent::Wait()
                0x00000000000824c0                CSynchronizationEvent::WaitWithTimeout(unsigned int)
 *fill*         0x0000000000082508        0x8 
 .text          0x0000000000082510     0x1eec ../../lib/sound/libsound.a(soundbasedevice.o)
                0x0000000000082510                CSoundBaseDevice::GetRangeMin() const
                0x0000000000082520                CSoundBaseDevice::GetRangeMax() const
                0x0000000000082530                CSoundBaseDevice::CSoundBaseDevice()
                0x0000000000082530                CSoundBaseDevice::CSoundBaseDevice()
                0x00000000000825b0                CSoundBaseDevice::~CSoundBaseDevice()
                0x00000000000825b0                CSoundBaseDevice::~CSoundBaseDevice()
                0x0000000000082610                CSoundBaseDevice::~CSoundBaseDevice()
                0x0000000000082670                CSoundBaseDevice::Setup(TSoundFormat, unsigned int, unsigned int, unsigned int, unsigned int, bool)
                0x00000000000829c0                CSoundBaseDevice::CSoundBaseDevice(TSoundFormat, unsigned int, unsigned int, bool)
                0x00000000000829c0                CSoundBaseDevice::CSoundBaseDevice(TSoundFormat, unsigned int, unsigned int, bool)
                0x0000000000082a70                CSoundBaseDevice::GetHWTXChannels() const
                0x0000000000082a80                CSoundBaseDevice::GetHWRXChannels() const
                0x0000000000082a90                CSoundBaseDevice::AllocateQueue(unsigned int)
                0x0000000000082b40                CSoundBaseDevice::AllocateQueueFrames(unsigned int)
                0x0000000000082bd0                CSoundBaseDevice::SetWriteFormat(TSoundFormat, unsigned int)
                0x0000000000082ca0                CSoundBaseDevice::GetQueueSizeFrames()
                0x0000000000082ce0                CSoundBaseDevice::RegisterNeedDataCallback(void (*)(void*), void*)
                0x0000000000082d40                CSoundBaseDevice::AreChannelsSwapped() const
                0x0000000000082d50                CSoundBaseDevice::AllocateReadQueue(unsigned int)
                0x0000000000082e00                CSoundBaseDevice::AllocateReadQueueFrames(unsigned int)
                0x0000000000082e90                CSoundBaseDevice::SetReadFormat(TSoundFormat, unsigned int, bool)
                0x0000000000082f70                CSoundBaseDevice::GetReadQueueSizeFrames()
                0x0000000000082fb0                CSoundBaseDevice::RegisterHaveDataCallback(void (*)(void*), void*)
                0x0000000000083010                CSoundBaseDevice::ConvertIEC958Sample(unsigned int, unsigned int)
                0x00000000000830d0                CSoundBaseDevice::ConvertSoundFormat(void*, void const*)
                0x0000000000083200                CSoundBaseDevice::GetQueueBytesFree()
                0x00000000000832a0                CSoundBaseDevice::GetQueueBytesAvail()
                0x0000000000083330                CSoundBaseDevice::GetQueueFramesAvail()
                0x00000000000833c0                CSoundBaseDevice::Enqueue(void const*, unsigned int)
                0x0000000000083460                CSoundBaseDevice::Write(void const*, unsigned long)
                0x00000000000837a0                CSoundBaseDevice::Dequeue(void*, unsigned int)
                0x0000000000083840                CSoundBaseDevice::GetChunkInternal(void*, unsigned int)
                0x0000000000083a80                CSoundBaseDevice::GetChunk(short*, unsigned int)
                0x0000000000083ab0                CSoundBaseDevice::GetChunk(unsigned int*, unsigned int)
                0x0000000000083af0                CSoundBaseDevice::ConvertReadSoundFormat(void*, void const*)
                0x0000000000083bc0                CSoundBaseDevice::GetReadQueueBytesFree()
                0x0000000000083c60                CSoundBaseDevice::GetReadQueueBytesAvail()
                0x0000000000083cf0                CSoundBaseDevice::GetReadQueueFramesAvail()
                0x0000000000083d80                CSoundBaseDevice::ReadEnqueue(void const*, unsigned int)
                0x0000000000083e20                CSoundBaseDevice::PutChunkInternal(void const*, unsigned int)
                0x0000000000083f50                CSoundBaseDevice::PutChunk(short const*, unsigned int)
                0x0000000000083f80                CSoundBaseDevice::PutChunk(unsigned int const*, unsigned int)
                0x0000000000083fc0                CSoundBaseDevice::ReadDequeue(void*, unsigned int)
                0x0000000000084060                CSoundBaseDevice::Read(void*, unsigned long)
 *fill*         0x00000000000843fc        0x4 
 .text._ZN16CSoundBaseDevice13GetControllerEv
                0x0000000000084400        0x8 ../../lib/sound/libsound.a(soundbasedevice.o)
                0x0000000000084400                CSoundBaseDevice::GetController()
 *fill*         0x0000000000084408        0x8 
 .text          0x0000000000084410     0x1354 ../../lib/sound/libsound.a(hdmisoundbasedevice.o)
                0x0000000000084410                CHDMISoundBaseDevice::IsActive() const
                0x0000000000084450                CHDMISoundBaseDevice::Cancel()
                0x0000000000084510                CHDMISoundBaseDevice::CHDMISoundBaseDevice(unsigned int)
                0x0000000000084510                CHDMISoundBaseDevice::CHDMISoundBaseDevice(unsigned int)
                0x00000000000845c0                CHDMISoundBaseDevice::IsWritable()
                0x0000000000084600                CHDMISoundBaseDevice::WriteSample(int)
                0x0000000000084660                CHDMISoundBaseDevice::GetNextChunk()
                0x0000000000084750                CHDMISoundBaseDevice::StopHDMI()
                0x0000000000084780                CHDMISoundBaseDevice::InterruptHandler()
                0x0000000000084920                CHDMISoundBaseDevice::InterruptStub(void*)
                0x0000000000084950                CHDMISoundBaseDevice::SetupDMAControlBlock(unsigned int)
                0x00000000000849f0                CHDMISoundBaseDevice::CHDMISoundBaseDevice(CInterruptSystem*, unsigned int, unsigned int)
                0x00000000000849f0                CHDMISoundBaseDevice::CHDMISoundBaseDevice(CInterruptSystem*, unsigned int, unsigned int)
                0x0000000000084b50                CHDMISoundBaseDevice::ResetHDMI()
                0x0000000000084be0                CHDMISoundBaseDevice::~CHDMISoundBaseDevice()
                0x0000000000084be0                CHDMISoundBaseDevice::~CHDMISoundBaseDevice()
                0x0000000000084d90                CHDMISoundBaseDevice::~CHDMISoundBaseDevice()
                0x0000000000084dc0                CHDMISoundBaseDevice::SetAudioInfoFrame()
                0x0000000000084ec0                CHDMISoundBaseDevice::SampleRateToHWFormat(unsigned int)
                0x0000000000084f00                CHDMISoundBaseDevice::WaitForBit(unsigned long, unsigned int, bool, unsigned int)
                0x0000000000084fb0                CHDMISoundBaseDevice::GetHSMClockRate()
                0x0000000000085010                CHDMISoundBaseDevice::GetPixelClockRate()
                0x00000000000850a0                CHDMISoundBaseDevice::rational_best_approximation(unsigned long, unsigned long, unsigned long, unsigned long, unsigned long*, unsigned long*)
                0x0000000000085150                CHDMISoundBaseDevice::RunHDMI()
                0x0000000000085350                CHDMISoundBaseDevice::Start()
 *fill*         0x0000000000085764        0xc 
 .text          0x0000000000085770      0x984 ../../lib/sound/libsound.a(i2ssoundbasedevice.o)
                0x0000000000085770                CI2SSoundBaseDevice::GetRangeMin() const
                0x0000000000085780                CI2SSoundBaseDevice::GetRangeMax() const
                0x0000000000085790                CI2SSoundBaseDevice::GetController()
                0x00000000000857a0                CI2SSoundBaseDevice::Cancel()
                0x00000000000857f0                CI2SSoundBaseDevice::IsActive() const
                0x0000000000085840                CI2SSoundBaseDevice::TXCompletedHandler(bool, unsigned int*, unsigned int, void*)
                0x0000000000085890                CI2SSoundBaseDevice::RXCompletedHandler(bool, unsigned int*, unsigned int, void*)
                0x00000000000858f0                CI2SSoundBaseDevice::RunI2S()
                0x0000000000085a90                CI2SSoundBaseDevice::CI2SSoundBaseDevice(CInterruptSystem*, unsigned int, unsigned int, bool, CI2CMaster*, unsigned char, CI2SSoundBaseDevice::TDeviceMode)
                0x0000000000085a90                CI2SSoundBaseDevice::CI2SSoundBaseDevice(CInterruptSystem*, unsigned int, unsigned int, bool, CI2CMaster*, unsigned char, CI2SSoundBaseDevice::TDeviceMode)
                0x0000000000085cc0                CI2SSoundBaseDevice::StopI2S()
                0x0000000000085d70                CI2SSoundBaseDevice::~CI2SSoundBaseDevice()
                0x0000000000085d70                CI2SSoundBaseDevice::~CI2SSoundBaseDevice()
                0x0000000000085e30                CI2SSoundBaseDevice::~CI2SSoundBaseDevice()
                0x0000000000085e60                CI2SSoundBaseDevice::ControllerFactory()
                0x0000000000085f60                CI2SSoundBaseDevice::Start()
 *fill*         0x00000000000860f4        0xc 
 .text._ZN16CSoundControllerD0Ev
                0x0000000000086100        0x8 ../../lib/sound/libsound.a(i2ssoundbasedevice.o)
                0x0000000000086100                CSoundController::~CSoundController()
 *fill*         0x0000000000086108        0x8 
 .text._ZN16CSoundControllerD2Ev
                0x0000000000086110        0x4 ../../lib/sound/libsound.a(i2ssoundbasedevice.o)
                0x0000000000086110                CSoundController::~CSoundController()
                0x0000000000086110                CSoundController::~CSoundController()
 *fill*         0x0000000000086114        0xc 
 .text          0x0000000000086120      0xa88 ../../lib/sound/libsound.a(pwmsoundbasedevice.o)
                0x0000000000086120                CPWMSoundBaseDevice::GetRangeMin() const
                0x0000000000086130                CPWMSoundBaseDevice::GetRangeMax() const
                0x0000000000086140                CPWMSoundBaseDevice::IsActive() const
                0x0000000000086150                CPWMSoundBaseDevice::Cancel()
                0x00000000000861d0                CPWMSoundBaseDevice::GetNextChunk()
                0x00000000000862c0                CPWMSoundBaseDevice::Start()
                0x00000000000864b0                CPWMSoundBaseDevice::RunPWM()
                0x0000000000086550                CPWMSoundBaseDevice::StopPWM()
                0x0000000000086590                CPWMSoundBaseDevice::InterruptHandler()
                0x0000000000086700                CPWMSoundBaseDevice::InterruptStub(void*)
                0x0000000000086730                CPWMSoundBaseDevice::SetupDMAControlBlock(unsigned int)
                0x00000000000867d0                CPWMSoundBaseDevice::CPWMSoundBaseDevice(CInterruptSystem*, unsigned int, unsigned int)
                0x00000000000867d0                CPWMSoundBaseDevice::CPWMSoundBaseDevice(CInterruptSystem*, unsigned int, unsigned int)
                0x00000000000869c0                CPWMSoundBaseDevice::~CPWMSoundBaseDevice()
                0x00000000000869c0                CPWMSoundBaseDevice::~CPWMSoundBaseDevice()
                0x0000000000086b80                CPWMSoundBaseDevice::~CPWMSoundBaseDevice()
 *fill*         0x0000000000086ba8        0x8 
 .text          0x0000000000086bb0      0x3e8 ../../lib/sound/libsound.a(pcm512xsoundcontroller.o)
                0x0000000000086bb0                CPCM512xSoundController::GetControlInfo(CSoundController::TControl, CSoundController::TJack, CSoundController::TChannel) const
                0x0000000000086c20                CPCM512xSoundController::CPCM512xSoundController(CI2CMaster*, unsigned char)
                0x0000000000086c20                CPCM512xSoundController::CPCM512xSoundController(CI2CMaster*, unsigned char)
                0x0000000000086c40                CPCM512xSoundController::SetMute(CSoundController::TJack, CSoundController::TChannel, bool)
                0x0000000000086d10                CPCM512xSoundController::SetVolume(CSoundController::TJack, CSoundController::TChannel, int)
                0x0000000000086e20                CPCM512xSoundController::SetControl(CSoundController::TControl, CSoundController::TJack, CSoundController::TChannel, int)
                0x0000000000086e60                CPCM512xSoundController::InitPCM512x(unsigned char)
                0x0000000000086f30                CPCM512xSoundController::Probe()
 *fill*         0x0000000000086f98        0x8 
 .text._ZNK16CSoundController18GetInputPropertiesEv
                0x0000000000086fa0        0x8 ../../lib/sound/libsound.a(pcm512xsoundcontroller.o)
                0x0000000000086fa0                CSoundController::GetInputProperties() const
 *fill*         0x0000000000086fa8        0x8 
 .text._ZN16CSoundController10EnableJackENS_5TJackE
                0x0000000000086fb0        0x8 ../../lib/sound/libsound.a(pcm512xsoundcontroller.o)
                0x0000000000086fb0                CSoundController::EnableJack(CSoundController::TJack)
 *fill*         0x0000000000086fb8        0x8 
 .text._ZN16CSoundController11DisableJackENS_5TJackE
                0x0000000000086fc0        0x8 ../../lib/sound/libsound.a(pcm512xsoundcontroller.o)
                0x0000000000086fc0                CSoundController::DisableJack(CSoundController::TJack)
 *fill*         0x0000000000086fc8        0x8 
 .text._ZNK23CPCM512xSoundController19GetOutputPropertiesEv
                0x0000000000086fd0        0x8 ../../lib/sound/libsound.a(pcm512xsoundcontroller.o)
                0x0000000000086fd0                CPCM512xSoundController::GetOutputProperties() const
 *fill*         0x0000000000086fd8        0x8 
 .text._ZN23CPCM512xSoundControllerD2Ev
                0x0000000000086fe0        0x4 ../../lib/sound/libsound.a(pcm512xsoundcontroller.o)
                0x0000000000086fe0                CPCM512xSoundController::~CPCM512xSoundController()
                0x0000000000086fe0                CPCM512xSoundController::~CPCM512xSoundController()
 *fill*         0x0000000000086fe4        0xc 
 .text._ZN23CPCM512xSoundControllerD0Ev
                0x0000000000086ff0        0x8 ../../lib/sound/libsound.a(pcm512xsoundcontroller.o)
                0x0000000000086ff0                CPCM512xSoundController::~CPCM512xSoundController()
 *fill*         0x0000000000086ff8        0x8 
 .text          0x0000000000087000      0x128 ../../lib/sound/libsound.a(wm8960soundcontroller.o)
                0x0000000000087000                CWM8960SoundController::CWM8960SoundController(CI2CMaster*, unsigned char)
                0x0000000000087000                CWM8960SoundController::CWM8960SoundController(CI2CMaster*, unsigned char)
                0x0000000000087020                CWM8960SoundController::InitWM8960(unsigned char)
                0x00000000000870e0                CWM8960SoundController::Probe()
 *fill*         0x0000000000087128        0x8 
 .text._ZNK16CSoundController14GetControlInfoENS_8TControlENS_5TJackENS_8TChannelE
                0x0000000000087130       0x1c ../../lib/sound/libsound.a(wm8960soundcontroller.o)
                0x0000000000087130                CSoundController::GetControlInfo(CSoundController::TControl, CSoundController::TJack, CSoundController::TChannel) const
 *fill*         0x000000000008714c        0x4 
 .text._ZN16CSoundController10SetControlENS_8TControlENS_5TJackENS_8TChannelEi
                0x0000000000087150        0x8 ../../lib/sound/libsound.a(wm8960soundcontroller.o)
                0x0000000000087150                CSoundController::SetControl(CSoundController::TControl, CSoundController::TJack, CSoundController::TChannel, int)
 *fill*         0x0000000000087158        0x8 
 .text._ZNK22CWM8960SoundController19GetOutputPropertiesEv
                0x0000000000087160        0x8 ../../lib/sound/libsound.a(wm8960soundcontroller.o)
                0x0000000000087160                CWM8960SoundController::GetOutputProperties() const
 *fill*         0x0000000000087168        0x8 
 .text._ZN22CWM8960SoundControllerD2Ev
                0x0000000000087170        0x4 ../../lib/sound/libsound.a(wm8960soundcontroller.o)
                0x0000000000087170                CWM8960SoundController::~CWM8960SoundController()
                0x0000000000087170                CWM8960SoundController::~CWM8960SoundController()
 *fill*         0x0000000000087174        0xc 
 .text._ZN22CWM8960SoundControllerD0Ev
                0x0000000000087180        0x8 ../../lib/sound/libsound.a(wm8960soundcontroller.o)
                0x0000000000087180                CWM8960SoundController::~CWM8960SoundController()
 *fill*         0x0000000000087188        0x8 
 .text          0x0000000000087190      0xa00 ../../lib/sound/libsound.a(dmasoundbuffers.o)
                0x0000000000087190                CDMASoundBuffers::CDMASoundBuffers(bool, unsigned int, TDREQ, unsigned int, CInterruptSystem*)
                0x0000000000087190                CDMASoundBuffers::CDMASoundBuffers(bool, unsigned int, TDREQ, unsigned int, CInterruptSystem*)
                0x00000000000871d0                CDMASoundBuffers::~CDMASoundBuffers()
                0x00000000000871d0                CDMASoundBuffers::~CDMASoundBuffers()
                0x0000000000087300                CDMASoundBuffers::Cancel()
                0x0000000000087380                CDMASoundBuffers::IsActive() const
                0x00000000000873a0                CDMASoundBuffers::GetNextChunk(bool)
                0x00000000000874e0                CDMASoundBuffers::PutChunk()
                0x0000000000087590                CDMASoundBuffers::InterruptHandler()
                0x0000000000087720                CDMASoundBuffers::InterruptStub(void*)
                0x0000000000087750                CDMASoundBuffers::SetupDMAControlBlock(unsigned int)
                0x0000000000087860                CDMASoundBuffers::Start(unsigned int (*)(bool, unsigned int*, unsigned int, void*), void*)
 .text          0x0000000000087b90     0x3508 ../../lib/usb/libusb.a(dwhcidevice.o)
                0x0000000000087b90                CDWHCIDevice::CancelDeviceTransactions(CUSBDevice*)
                0x0000000000087ba0                CDWHCIDevice::CompletionRoutine(CUSBRequest*, void*, void*)
                0x0000000000087c00                CDWHCIDevice::CDWHCIDevice(CInterruptSystem*, CTimer*, bool)
                0x0000000000087c00                CDWHCIDevice::CDWHCIDevice(CInterruptSystem*, CTimer*, bool)
                0x0000000000087d00                CDWHCIDevice::DeviceConnected()
                0x0000000000087d50                CDWHCIDevice::GetPortSpeed()
                0x0000000000087db0                CDWHCIDevice::OvercurrentDetected()
                0x0000000000087e00                CDWHCIDevice::DisableRootPort(bool)
                0x0000000000087e80                CDWHCIDevice::PowerOn()
                0x0000000000087ef0                CDWHCIDevice::Reset()
                0x0000000000087fd0                CDWHCIDevice::InitCore()
                0x0000000000088290                CDWHCIDevice::EnableGlobalInterrupts()
                0x00000000000882e0                CDWHCIDevice::EnableCommonInterrupts()
                0x0000000000088330                CDWHCIDevice::EnableHostInterrupts()
                0x0000000000088400                CDWHCIDevice::EnableChannelInterrupt(unsigned int)
                0x00000000000884a0                CDWHCIDevice::DisableChannelInterrupt(unsigned int)
                0x0000000000088540                CDWHCIDevice::FlushTxFIFO(unsigned int)
                0x0000000000088620                CDWHCIDevice::FlushRxFIFO()
                0x00000000000886e0                CDWHCIDevice::InitHost()
                0x0000000000088920                CDWHCIDevice::QueueTransaction(CDWHCITransferStageData*)
                0x00000000000889e0                CDWHCIDevice::TransferStageAsync(CUSBRequest*, bool, bool, unsigned int)
                0x0000000000088ac0                CDWHCIDevice::SubmitAsyncRequest(CUSBRequest*, unsigned int)
                0x0000000000088ba0                CDWHCIDevice::QueueDelayedTransaction(CDWHCITransferStageData*)
                0x0000000000088d40                CDWHCIDevice::StartChannel(CDWHCITransferStageData*)
                0x0000000000089170                CDWHCIDevice::StartTransaction(CDWHCITransferStageData*)
                0x00000000000892a0                CDWHCIDevice::AllocateChannel()
                0x0000000000089480                CDWHCIDevice::SOFInterruptHandler()
                0x0000000000089490                CDWHCIDevice::FreeChannel(unsigned int)
                0x0000000000089bd0                CDWHCIDevice::ChannelInterruptHandler(unsigned int)
                0x0000000000089be0                CDWHCIDevice::InterruptHandler()
                0x0000000000089e00                CDWHCIDevice::InterruptStub(void*)
                0x0000000000089e30                CDWHCIDevice::AllocateWaitBlock()
                0x0000000000089ee0                CDWHCIDevice::FreeWaitBlock(unsigned int)
                0x0000000000089f80                CDWHCIDevice::TransferStage(CUSBRequest*, bool, bool, unsigned int)
                0x000000000008a0b0                CDWHCIDevice::SubmitBlockingRequest(CUSBRequest*, unsigned int)
                0x000000000008a2f0                CDWHCIDevice::WaitForBit(CDWHCIRegister*, unsigned int, bool, unsigned int)
                0x000000000008a3f0                CDWHCIDevice::EnableRootPort()
                0x000000000008a530                CDWHCIDevice::LogTransactionFailed(unsigned int)
                0x000000000008a580                CDWHCIDevice::DumpRegister(char const*, unsigned int)
                0x000000000008a600                CDWHCIDevice::DumpStatus(unsigned int)
                0x000000000008ac50                CDWHCIDevice::~CDWHCIDevice()
                0x000000000008ac50                CDWHCIDevice::~CDWHCIDevice()
                0x000000000008ad30                CDWHCIDevice::~CDWHCIDevice()
                0x000000000008ad60                CDWHCIDevice::ReScanDevices()
                0x000000000008ae00                CDWHCIDevice::Initialize(bool)
 *fill*         0x000000000008b098        0x8 
 .text          0x000000000008b0a0      0x4b8 ../../lib/usb/libusb.a(dwhciframeschednper.o)
                0x000000000008b0a0                CDWHCIFrameSchedulerNonPeriodic::~CDWHCIFrameSchedulerNonPeriodic()
                0x000000000008b0a0                CDWHCIFrameSchedulerNonPeriodic::~CDWHCIFrameSchedulerNonPeriodic()
                0x000000000008b0b0                CDWHCIFrameSchedulerNonPeriodic::StartSplit()
                0x000000000008b0d0                CDWHCIFrameSchedulerNonPeriodic::IsOddFrame() const
                0x000000000008b0e0                CDWHCIFrameSchedulerNonPeriodic::PeriodicDelay(unsigned short)
                0x000000000008b100                CDWHCIFrameSchedulerNonPeriodic::CompleteSplit()
                0x000000000008b180                CDWHCIFrameSchedulerNonPeriodic::TransactionComplete(unsigned int)
                0x000000000008b280                CDWHCIFrameSchedulerNonPeriodic::GetFrameNumber()
                0x000000000008b310                CDWHCIFrameSchedulerNonPeriodic::~CDWHCIFrameSchedulerNonPeriodic()
                0x000000000008b350                CDWHCIFrameSchedulerNonPeriodic::CDWHCIFrameSchedulerNonPeriodic()
                0x000000000008b350                CDWHCIFrameSchedulerNonPeriodic::CDWHCIFrameSchedulerNonPeriodic()
                0x000000000008b3b0                CDWHCIFrameSchedulerNonPeriodic::operator new(unsigned long)
                0x000000000008b410                CDWHCIFrameSchedulerNonPeriodic::operator delete(void*, unsigned long)
                0x000000000008b470                CDWHCIFrameSchedulerNonPeriodic::InitAllocator(unsigned int)
                0x000000000008b4e0                CDWHCIFrameSchedulerNonPeriodic::InitProtectedAllocator(unsigned int, unsigned int)
 *fill*         0x000000000008b558        0x8 
 .text          0x000000000008b560      0x348 ../../lib/usb/libusb.a(dwhciframeschednsplit.o)
                0x000000000008b560                CDWHCIFrameSchedulerNoSplit::~CDWHCIFrameSchedulerNoSplit()
                0x000000000008b560                CDWHCIFrameSchedulerNoSplit::~CDWHCIFrameSchedulerNoSplit()
                0x000000000008b570                CDWHCIFrameSchedulerNoSplit::StartSplit()
                0x000000000008b590                CDWHCIFrameSchedulerNoSplit::CompleteSplit()
                0x000000000008b5b0                CDWHCIFrameSchedulerNoSplit::TransactionComplete(unsigned int)
                0x000000000008b5d0                CDWHCIFrameSchedulerNoSplit::PeriodicDelay(unsigned short)
                0x000000000008b5f0                CDWHCIFrameSchedulerNoSplit::GetFrameNumber()
                0x000000000008b650                CDWHCIFrameSchedulerNoSplit::IsOddFrame() const
                0x000000000008b6a0                CDWHCIFrameSchedulerNoSplit::~CDWHCIFrameSchedulerNoSplit()
                0x000000000008b6e0                CDWHCIFrameSchedulerNoSplit::CDWHCIFrameSchedulerNoSplit(bool)
                0x000000000008b6e0                CDWHCIFrameSchedulerNoSplit::CDWHCIFrameSchedulerNoSplit(bool)
                0x000000000008b700                CDWHCIFrameSchedulerNoSplit::operator new(unsigned long)
                0x000000000008b760                CDWHCIFrameSchedulerNoSplit::operator delete(void*, unsigned long)
                0x000000000008b7c0                CDWHCIFrameSchedulerNoSplit::InitAllocator(unsigned int)
                0x000000000008b830                CDWHCIFrameSchedulerNoSplit::InitProtectedAllocator(unsigned int, unsigned int)
 *fill*         0x000000000008b8a8        0x8 
 .text          0x000000000008b8b0      0x568 ../../lib/usb/libusb.a(dwhciframeschedper.o)
                0x000000000008b8b0                CDWHCIFrameSchedulerPeriodic::~CDWHCIFrameSchedulerPeriodic()
                0x000000000008b8b0                CDWHCIFrameSchedulerPeriodic::~CDWHCIFrameSchedulerPeriodic()
                0x000000000008b8c0                CDWHCIFrameSchedulerPeriodic::StartSplit()
                0x000000000008b8e0                CDWHCIFrameSchedulerPeriodic::PeriodicDelay(unsigned short)
                0x000000000008b900                CDWHCIFrameSchedulerPeriodic::CompleteSplit()
                0x000000000008b9b0                CDWHCIFrameSchedulerPeriodic::GetFrameNumber()
                0x000000000008ba70                CDWHCIFrameSchedulerPeriodic::IsOddFrame() const
                0x000000000008bac0                CDWHCIFrameSchedulerPeriodic::TransactionComplete(unsigned int)
                0x000000000008bbd0                CDWHCIFrameSchedulerPeriodic::~CDWHCIFrameSchedulerPeriodic()
                0x000000000008bc10                CDWHCIFrameSchedulerPeriodic::CDWHCIFrameSchedulerPeriodic()
                0x000000000008bc10                CDWHCIFrameSchedulerPeriodic::CDWHCIFrameSchedulerPeriodic()
                0x000000000008bc70                CDWHCIFrameSchedulerPeriodic::operator new(unsigned long)
                0x000000000008bcd0                CDWHCIFrameSchedulerPeriodic::operator delete(void*, unsigned long)
                0x000000000008bd30                CDWHCIFrameSchedulerPeriodic::InitAllocator(unsigned int)
                0x000000000008bda0                CDWHCIFrameSchedulerPeriodic::InitProtectedAllocator(unsigned int, unsigned int)
 *fill*         0x000000000008be18        0x8 
 .text          0x000000000008be20      0x38c ../../lib/usb/libusb.a(dwhcirootport.o)
                0x000000000008be20                CDWHCIRootPort::~CDWHCIRootPort()
                0x000000000008be20                CDWHCIRootPort::~CDWHCIRootPort()
                0x000000000008be50                CDWHCIRootPort::RemoveDevice()
                0x000000000008beb0                CDWHCIRootPort::ReScanDevices()
                0x000000000008bef0                CDWHCIRootPort::HandlePortStatusChange()
                0x000000000008bf70                CDWHCIRootPort::~CDWHCIRootPort()
                0x000000000008bfc0                CDWHCIRootPort::CDWHCIRootPort(CDWHCIDevice*)
                0x000000000008bfc0                CDWHCIRootPort::CDWHCIRootPort(CDWHCIDevice*)
                0x000000000008c000                CDWHCIRootPort::Initialize()
 *fill*         0x000000000008c1ac        0x4 
 .text          0x000000000008c1b0      0x8a4 ../../lib/usb/libusb.a(dwhcixactqueue.o)
                0x000000000008c1b0                TQueueEntry::operator new(unsigned long)
                0x000000000008c210                TQueueEntry::operator delete(void*, unsigned long)
                0x000000000008c270                TQueueEntry::InitAllocator(unsigned int)
                0x000000000008c2e0                TQueueEntry::InitProtectedAllocator(unsigned int, unsigned int)
                0x000000000008c360                CDWHCITransactionQueue::CDWHCITransactionQueue(unsigned int, unsigned int)
                0x000000000008c360                CDWHCITransactionQueue::CDWHCITransactionQueue(unsigned int, unsigned int)
                0x000000000008c3e0                CDWHCITransactionQueue::Flush()
                0x000000000008c540                CDWHCITransactionQueue::~CDWHCITransactionQueue()
                0x000000000008c540                CDWHCITransactionQueue::~CDWHCITransactionQueue()
                0x000000000008c570                CDWHCITransactionQueue::FlushDevice(CUSBDevice*)
                0x000000000008c740                CDWHCITransactionQueue::Enqueue(CDWHCITransferStageData*, unsigned short)
                0x000000000008c900                CDWHCITransactionQueue::Dequeue(unsigned short)
 *fill*         0x000000000008ca54        0xc 
 .text          0x000000000008ca60      0xec8 ../../lib/usb/libusb.a(dwhcixferstagedata.o)
                0x000000000008ca60                CDWHCITransferStageData::CDWHCITransferStageData(unsigned int, CUSBRequest*, bool, bool, unsigned int)
                0x000000000008ca60                CDWHCITransferStageData::CDWHCITransferStageData(unsigned int, CUSBRequest*, bool, bool, unsigned int)
                0x000000000008ce90                CDWHCITransferStageData::~CDWHCITransferStageData()
                0x000000000008ce90                CDWHCITransferStageData::~CDWHCITransferStageData()
                0x000000000008ceb0                CDWHCITransferStageData::SetChannelNumber(unsigned int)
                0x000000000008cec0                CDWHCITransferStageData::TransactionComplete(unsigned int, unsigned int, unsigned int)
                0x000000000008d170                CDWHCITransferStageData::SetSplitComplete(bool)
                0x000000000008d1b0                CDWHCITransferStageData::SetState(unsigned int)
                0x000000000008d1c0                CDWHCITransferStageData::GetState() const
                0x000000000008d1d0                CDWHCITransferStageData::SetSubState(unsigned int)
                0x000000000008d1e0                CDWHCITransferStageData::GetSubState() const
                0x000000000008d1f0                CDWHCITransferStageData::GetChannelNumber() const
                0x000000000008d200                CDWHCITransferStageData::IsPeriodic() const
                0x000000000008d240                CDWHCITransferStageData::IsIsochronous() const
                0x000000000008d280                CDWHCITransferStageData::GetDeviceAddress() const
                0x000000000008d2b0                CDWHCITransferStageData::GetEndpointType() const
                0x000000000008d310                CDWHCITransferStageData::GetEndpointNumber() const
                0x000000000008d340                CDWHCITransferStageData::GetMaxPacketSize() const
                0x000000000008d350                CDWHCITransferStageData::GetSpeed() const
                0x000000000008d360                CDWHCITransferStageData::GetPID() const
                0x000000000008d3d0                CDWHCITransferStageData::IsDirectionIn() const
                0x000000000008d3e0                CDWHCITransferStageData::IsStatusStage() const
                0x000000000008d3f0                CDWHCITransferStageData::GetDMAAddress() const
                0x000000000008d420                CDWHCITransferStageData::GetBytesToTransfer() const
                0x000000000008d430                CDWHCITransferStageData::GetPacketsToTransfer() const
                0x000000000008d440                CDWHCITransferStageData::IsSplit() const
                0x000000000008d450                CDWHCITransferStageData::IsSplitComplete() const
                0x000000000008d480                CDWHCITransferStageData::GetHubAddress() const
                0x000000000008d4d0                CDWHCITransferStageData::GetHubPortAddress() const
                0x000000000008d520                CDWHCITransferStageData::GetSplitPosition() const
                0x000000000008d5b0                CDWHCITransferStageData::GetStatusMask() const
                0x000000000008d610                CDWHCITransferStageData::GetTransactionStatus() const
                0x000000000008d640                CDWHCITransferStageData::GetUSBError() const
                0x000000000008d680                CDWHCITransferStageData::IsStageComplete() const
                0x000000000008d690                CDWHCITransferStageData::GetResultLen() const
                0x000000000008d6b0                CDWHCITransferStageData::IsTimeout() const
                0x000000000008d700                CDWHCITransferStageData::IsRetryOK() const
                0x000000000008d710                CDWHCITransferStageData::GetURB() const
                0x000000000008d740                CDWHCITransferStageData::GetDevice() const
                0x000000000008d770                CDWHCITransferStageData::GetFrameScheduler() const
                0x000000000008d780                CDWHCITransferStageData::operator new(unsigned long)
                0x000000000008d7e0                CDWHCITransferStageData::operator delete(void*, unsigned long)
                0x000000000008d840                CDWHCITransferStageData::InitAllocator(unsigned int)
                0x000000000008d8b0                CDWHCITransferStageData::InitProtectedAllocator(unsigned int, unsigned int)
 *fill*         0x000000000008d928        0x8 
 .text          0x000000000008d930      0x608 ../../lib/usb/libusb.a(dwhciframeschediso.o)
                0x000000000008d930                CDWHCIFrameSchedulerIsochronous::~CDWHCIFrameSchedulerIsochronous()
                0x000000000008d930                CDWHCIFrameSchedulerIsochronous::~CDWHCIFrameSchedulerIsochronous()
                0x000000000008d940                CDWHCIFrameSchedulerIsochronous::CompleteSplit()
                0x000000000008da10                CDWHCIFrameSchedulerIsochronous::TransactionComplete(unsigned int)
                0x000000000008daf0                CDWHCIFrameSchedulerIsochronous::GetFrameNumber()
                0x000000000008dba0                CDWHCIFrameSchedulerIsochronous::IsOddFrame() const
                0x000000000008dbf0                CDWHCIFrameSchedulerIsochronous::StartSplit()
                0x000000000008dcd0                CDWHCIFrameSchedulerIsochronous::PeriodicDelay(unsigned short)
                0x000000000008dd20                CDWHCIFrameSchedulerIsochronous::~CDWHCIFrameSchedulerIsochronous()
                0x000000000008dd60                CDWHCIFrameSchedulerIsochronous::CDWHCIFrameSchedulerIsochronous(bool)
                0x000000000008dd60                CDWHCIFrameSchedulerIsochronous::CDWHCIFrameSchedulerIsochronous(bool)
                0x000000000008dd90                CDWHCIFrameSchedulerIsochronous::operator new(unsigned long)
                0x000000000008ddf0                CDWHCIFrameSchedulerIsochronous::operator delete(void*, unsigned long)
                0x000000000008de50                CDWHCIFrameSchedulerIsochronous::InitAllocator(unsigned int)
                0x000000000008dec0                CDWHCIFrameSchedulerIsochronous::InitProtectedAllocator(unsigned int, unsigned int)
 *fill*         0x000000000008df38        0x8 
 .text          0x000000000008df40     0x145c ../../lib/usb/libusb.a(usbdevice.o)
                0x000000000008df40                CUSBDevice::Configure()
                0x000000000008e030                CUSBDevice::CUSBDevice(CUSBHostController*, TUSBSpeed, CUSBHCIRootPort*)
                0x000000000008e030                CUSBDevice::CUSBDevice(CUSBHostController*, TUSBSpeed, CUSBHCIRootPort*)
                0x000000000008e0e0                CUSBDevice::CUSBDevice(CUSBHostController*, TUSBSpeed, CUSBStandardHub*, unsigned int)
                0x000000000008e0e0                CUSBDevice::CUSBDevice(CUSBHostController*, TUSBSpeed, CUSBStandardHub*, unsigned int)
                0x000000000008e230                CUSBDevice::ReScanDevices()
                0x000000000008e2a0                CUSBDevice::RemoveDevice()
                0x000000000008e2f0                CUSBDevice::GetName(TDeviceNameSelector) const
                0x000000000008e420                CUSBDevice::GetNames() const
                0x000000000008e540                CUSBDevice::SetAddress(unsigned char)
                0x000000000008e580                CUSBDevice::GetAddress() const
                0x000000000008e590                CUSBDevice::GetSpeed() const
                0x000000000008e5a0                CUSBDevice::IsSplit() const
                0x000000000008e5b0                CUSBDevice::GetHubAddress() const
                0x000000000008e5c0                CUSBDevice::GetHubPortNumber() const
                0x000000000008e5d0                CUSBDevice::GetTTHubDevice() const
                0x000000000008e5e0                CUSBDevice::GetEndpoint0() const
                0x000000000008e610                CUSBDevice::GetHost() const
                0x000000000008e640                CUSBDevice::GetDeviceDescriptor() const
                0x000000000008e670                CUSBDevice::GetConfigurationDescriptor() const
                0x000000000008e6a0                CUSBDevice::GetDescriptor(unsigned char)
                0x000000000008e6d0                CUSBDevice::ConfigurationError(char const*) const
                0x000000000008e700                CUSBDevice::GetFunction(unsigned int)
                0x000000000008e720                CUSBDevice::LogWrite(TLogSeverity, char const*, ...)
                0x000000000008e960                CUSBDevice::~CUSBDevice()
                0x000000000008e960                CUSBDevice::~CUSBDevice()
                0x000000000008e9e0                CUSBDevice::~CUSBDevice()
                0x000000000008ea80                CUSBDevice::Initialize()
 *fill*         0x000000000008f39c        0x4 
 .text._ZN18CUSBHostController24CancelDeviceTransactionsEP10CUSBDevice
                0x000000000008f3a0        0x4 ../../lib/usb/libusb.a(usbdevice.o)
                0x000000000008f3a0                CUSBHostController::CancelDeviceTransactions(CUSBDevice*)
 *fill*         0x000000000008f3a4        0xc 
 .text.startup  0x000000000008f3b0       0x44 ../../lib/usb/libusb.a(usbdevice.o)
 *fill*         0x000000000008f3f4        0xc 
 .text          0x000000000008f400      0x960 ../../lib/usb/libusb.a(usbdevicefactory.o)
                0x000000000008f400                CUSBDeviceFactory::GetGenericHIDDevice(CUSBFunction*)
                0x000000000008f660                CUSBDeviceFactory::FindDeviceID(CString*, TUSBDeviceID const*)
                0x000000000008f710                CUSBDeviceFactory::GetDevice(CUSBFunction*, CString*)
 .text          0x000000000008fd60      0x464 ../../lib/usb/libusb.a(usbendpoint.o)
                0x000000000008fd60                CUSBEndpoint::CUSBEndpoint(CUSBDevice*)
                0x000000000008fd60                CUSBEndpoint::CUSBEndpoint(CUSBDevice*)
                0x000000000008fdb0                CUSBEndpoint::CUSBEndpoint(CUSBDevice*, TUSBEndpointDescriptor const*)
                0x000000000008fdb0                CUSBEndpoint::CUSBEndpoint(CUSBDevice*, TUSBEndpointDescriptor const*)
                0x000000000008ffe0                CUSBEndpoint::~CUSBEndpoint()
                0x000000000008ffe0                CUSBEndpoint::~CUSBEndpoint()
                0x000000000008fff0                CUSBEndpoint::GetDevice() const
                0x0000000000090020                CUSBEndpoint::GetNumber() const
                0x0000000000090030                CUSBEndpoint::GetType() const
                0x0000000000090040                CUSBEndpoint::IsDirectionIn() const
                0x0000000000090050                CUSBEndpoint::SetMaxPacketSize(unsigned int)
                0x0000000000090060                CUSBEndpoint::GetMaxPacketSize() const
                0x0000000000090070                CUSBEndpoint::GetInterval() const
                0x00000000000900b0                CUSBEndpoint::GetNextPID(bool)
                0x00000000000900f0                CUSBEndpoint::SkipPID(unsigned int, bool)
                0x0000000000090190                CUSBEndpoint::ResetPID()
 *fill*         0x00000000000901c4        0xc 
 .text          0x00000000000901d0      0x71c ../../lib/usb/libusb.a(usbfunction.o)
                0x00000000000901d0                CUSBFunction::Initialize()
                0x00000000000901e0                CUSBFunction::ReScanDevices()
                0x00000000000901f0                CUSBFunction::~CUSBFunction()
                0x00000000000901f0                CUSBFunction::~CUSBFunction()
                0x0000000000090240                CUSBFunction::RemoveDevice()
                0x0000000000090270                CUSBFunction::~CUSBFunction()
                0x00000000000902d0                CUSBFunction::Configure()
                0x00000000000903c0                CUSBFunction::CUSBFunction(CUSBDevice*, CUSBConfigurationParser*)
                0x00000000000903c0                CUSBFunction::CUSBFunction(CUSBDevice*, CUSBConfigurationParser*)
                0x0000000000090480                CUSBFunction::CUSBFunction(CUSBFunction*)
                0x0000000000090480                CUSBFunction::CUSBFunction(CUSBFunction*)
                0x0000000000090560                CUSBFunction::GetInterfaceName() const
                0x00000000000905e0                CUSBFunction::GetNumEndpoints() const
                0x0000000000090610                CUSBFunction::GetDevice() const
                0x0000000000090640                CUSBFunction::GetEndpoint0() const
                0x0000000000090670                CUSBFunction::GetHost() const
                0x00000000000906a0                CUSBFunction::GetDescriptor(unsigned char)
                0x00000000000906d0                CUSBFunction::ConfigurationError(char const*) const
                0x0000000000090720                CUSBFunction::SelectInterfaceByClass(unsigned char, unsigned char, unsigned char)
                0x0000000000090800                CUSBFunction::GetInterfaceNumber() const
                0x0000000000090830                CUSBFunction::GetInterfaceClass() const
                0x0000000000090860                CUSBFunction::GetInterfaceSubClass() const
                0x0000000000090890                CUSBFunction::GetInterfaceProtocol() const
                0x00000000000908c0                CUSBFunction::GetInterfaceDescriptor() const
 *fill*         0x00000000000908ec        0x4 
 .text          0x00000000000908f0      0x5a8 ../../lib/usb/libusb.a(usbgamepadps3.o)
                0x00000000000908f0                CUSBGamePadPS3Device::~CUSBGamePadPS3Device()
                0x00000000000908f0                CUSBGamePadPS3Device::~CUSBGamePadPS3Device()
                0x0000000000090900                CUSBGamePadPS3Device::~CUSBGamePadPS3Device()
                0x0000000000090940                CUSBGamePadPS3Device::SetLEDMode(TGamePadLEDMode)
                0x00000000000909e0                CUSBGamePadPS3Device::SetRumbleMode(TGamePadRumbleMode)
                0x0000000000090ae0                CUSBGamePadPS3Device::CUSBGamePadPS3Device(CUSBFunction*)
                0x0000000000090ae0                CUSBGamePadPS3Device::CUSBGamePadPS3Device(CUSBFunction*)
                0x0000000000090b40                CUSBGamePadPS3Device::PS3Enable()
                0x0000000000090c00                CUSBGamePadPS3Device::Configure()
                0x0000000000090d30                CUSBGamePadPS3Device::DecodeReport(unsigned char const*)
 *fill*         0x0000000000090e98        0x8 
 .text._ZN17CUSBGamePadDevice10SetLEDModeEjhh
                0x0000000000090ea0        0x8 ../../lib/usb/libusb.a(usbgamepadps3.o)
                0x0000000000090ea0                CUSBGamePadDevice::SetLEDMode(unsigned int, unsigned char, unsigned char)
 *fill*         0x0000000000090ea8        0x8 
 .text._ZN20CUSBGamePadPS3Device13GetPropertiesEv
                0x0000000000090eb0        0x8 ../../lib/usb/libusb.a(usbgamepadps3.o)
                0x0000000000090eb0                CUSBGamePadPS3Device::GetProperties()
 *fill*         0x0000000000090eb8        0x8 
 .text          0x0000000000090ec0      0xafc ../../lib/usb/libusb.a(usbgamepadps4.o)
                0x0000000000090ec0                CUSBGamePadPS4Device::DecodeReport(unsigned char const*)
                0x0000000000091080                CUSBGamePadPS4Device::~CUSBGamePadPS4Device()
                0x0000000000091080                CUSBGamePadPS4Device::~CUSBGamePadPS4Device()
                0x00000000000910d0                CUSBGamePadPS4Device::~CUSBGamePadPS4Device()
                0x0000000000091130                CUSBGamePadPS4Device::SetLEDMode(unsigned int, unsigned char, unsigned char)
                0x0000000000091220                CUSBGamePadPS4Device::SetRumbleMode(TGamePadRumbleMode)
                0x0000000000091330                CUSBGamePadPS4Device::SetLEDMode(TGamePadLEDMode)
                0x0000000000091510                CUSBGamePadPS4Device::CUSBGamePadPS4Device(CUSBFunction*)
                0x0000000000091510                CUSBGamePadPS4Device::CUSBGamePadPS4Device(CUSBFunction*)
                0x0000000000091560                CUSBGamePadPS4Device::HandleTouchpad(unsigned char const*)
                0x0000000000091710                CUSBGamePadPS4Device::ReportHandler(unsigned char const*, unsigned int)
                0x0000000000091780                CUSBGamePadPS4Device::SendLedRumbleCommand()
                0x0000000000091850                CUSBGamePadPS4Device::DisableTouchpad()
                0x0000000000091860                CUSBGamePadPS4Device::Configure()
 *fill*         0x00000000000919bc        0x4 
 .text._ZN20CUSBGamePadPS4Device13GetPropertiesEv
                0x00000000000919c0        0x8 ../../lib/usb/libusb.a(usbgamepadps4.o)
                0x00000000000919c0                CUSBGamePadPS4Device::GetProperties()
 *fill*         0x00000000000919c8        0x8 
 .text          0x00000000000919d0      0x8e0 ../../lib/usb/libusb.a(usbgamepadstandard.o)
                0x00000000000919d0                CUSBGamePadStandardDevice::~CUSBGamePadStandardDevice()
                0x00000000000919d0                CUSBGamePadStandardDevice::~CUSBGamePadStandardDevice()
                0x0000000000091a10                CUSBGamePadStandardDevice::~CUSBGamePadStandardDevice()
                0x0000000000091a60                CUSBGamePadStandardDevice::CUSBGamePadStandardDevice(CUSBFunction*, bool)
                0x0000000000091a60                CUSBGamePadStandardDevice::CUSBGamePadStandardDevice(CUSBFunction*, bool)
                0x0000000000091aa0                CUSBGamePadStandardDevice::BitGetUnsigned(void const*, unsigned int, unsigned int)
                0x0000000000091b60                CUSBGamePadStandardDevice::BitGetSigned(void const*, unsigned int, unsigned int)
                0x0000000000091c60                CUSBGamePadStandardDevice::DecodeReport(unsigned char const*)
                0x00000000000920f0                CUSBGamePadStandardDevice::Configure()
 .text._ZN17CUSBGamePadDevice13GetPropertiesEv
                0x00000000000922b0        0x8 ../../lib/usb/libusb.a(usbgamepadstandard.o)
                0x00000000000922b0                CUSBGamePadDevice::GetProperties()
 *fill*         0x00000000000922b8        0x8 
 .text._ZN17CUSBGamePadDevice10SetLEDModeE15TGamePadLEDMode
                0x00000000000922c0        0x8 ../../lib/usb/libusb.a(usbgamepadstandard.o)
                0x00000000000922c0                CUSBGamePadDevice::SetLEDMode(TGamePadLEDMode)
 *fill*         0x00000000000922c8        0x8 
 .text._ZN17CUSBGamePadDevice13SetRumbleModeE18TGamePadRumbleMode
                0x00000000000922d0        0x8 ../../lib/usb/libusb.a(usbgamepadstandard.o)
                0x00000000000922d0                CUSBGamePadDevice::SetRumbleMode(TGamePadRumbleMode)
 *fill*         0x00000000000922d8        0x8 
 .text          0x00000000000922e0      0x764 ../../lib/usb/libusb.a(usbgamepadswitchpro.o)
                0x00000000000922e0                CUSBGamePadSwitchProDevice::~CUSBGamePadSwitchProDevice()
                0x00000000000922e0                CUSBGamePadSwitchProDevice::~CUSBGamePadSwitchProDevice()
                0x00000000000922f0                CUSBGamePadSwitchProDevice::~CUSBGamePadSwitchProDevice()
                0x0000000000092330                CUSBGamePadSwitchProDevice::SetRumbleMode(TGamePadRumbleMode)
                0x0000000000092410                CUSBGamePadSwitchProDevice::DecodeReport(unsigned char const*)
                0x0000000000092620                CUSBGamePadSwitchProDevice::SetLEDMode(TGamePadLEDMode)
                0x00000000000926f0                CUSBGamePadSwitchProDevice::CUSBGamePadSwitchProDevice(CUSBFunction*)
                0x00000000000926f0                CUSBGamePadSwitchProDevice::CUSBGamePadSwitchProDevice(CUSBFunction*)
                0x0000000000092740                CUSBGamePadSwitchProDevice::Configure()
 *fill*         0x0000000000092a44        0xc 
 .text._ZN26CUSBGamePadSwitchProDevice13GetPropertiesEv
                0x0000000000092a50        0x8 ../../lib/usb/libusb.a(usbgamepadswitchpro.o)
                0x0000000000092a50                CUSBGamePadSwitchProDevice::GetProperties()
 *fill*         0x0000000000092a58        0x8 
 .text          0x0000000000092a60      0x470 ../../lib/usb/libusb.a(usbgamepadxbox360.o)
                0x0000000000092a60                CUSBGamePadXbox360Device::~CUSBGamePadXbox360Device()
                0x0000000000092a60                CUSBGamePadXbox360Device::~CUSBGamePadXbox360Device()
                0x0000000000092a70                CUSBGamePadXbox360Device::~CUSBGamePadXbox360Device()
                0x0000000000092ab0                CUSBGamePadXbox360Device::DecodeReport(unsigned char const*)
                0x0000000000092c00                CUSBGamePadXbox360Device::SetLEDMode(TGamePadLEDMode)
                0x0000000000092c60                CUSBGamePadXbox360Device::ReportHandler(unsigned char const*, unsigned int)
                0x0000000000092ce0                CUSBGamePadXbox360Device::SetRumbleMode(TGamePadRumbleMode)
                0x0000000000092d80                CUSBGamePadXbox360Device::CUSBGamePadXbox360Device(CUSBFunction*)
                0x0000000000092d80                CUSBGamePadXbox360Device::CUSBGamePadXbox360Device(CUSBFunction*)
                0x0000000000092db0                CUSBGamePadXbox360Device::Configure()
 .text._ZN24CUSBGamePadXbox360Device13GetPropertiesEv
                0x0000000000092ed0        0x8 ../../lib/usb/libusb.a(usbgamepadxbox360.o)
                0x0000000000092ed0                CUSBGamePadXbox360Device::GetProperties()
 *fill*         0x0000000000092ed8        0x8 
 .text          0x0000000000092ee0      0x4e8 ../../lib/usb/libusb.a(usbgamepadxboxone.o)
                0x0000000000092ee0                CUSBGamePadXboxOneDevice::DecodeReport(unsigned char const*)
                0x0000000000093090                CUSBGamePadXboxOneDevice::~CUSBGamePadXboxOneDevice()
                0x0000000000093090                CUSBGamePadXboxOneDevice::~CUSBGamePadXboxOneDevice()
                0x00000000000930a0                CUSBGamePadXboxOneDevice::~CUSBGamePadXboxOneDevice()
                0x00000000000930e0                CUSBGamePadXboxOneDevice::ReportHandler(unsigned char const*, unsigned int)
                0x00000000000931e0                CUSBGamePadXboxOneDevice::SetRumbleMode(TGamePadRumbleMode)
                0x00000000000932a0                CUSBGamePadXboxOneDevice::CUSBGamePadXboxOneDevice(CUSBFunction*)
                0x00000000000932a0                CUSBGamePadXboxOneDevice::CUSBGamePadXboxOneDevice(CUSBFunction*)
                0x00000000000932d0                CUSBGamePadXboxOneDevice::Configure()
 *fill*         0x00000000000933c8        0x8 
 .text._ZN24CUSBGamePadXboxOneDevice13GetPropertiesEv
                0x00000000000933d0        0x8 ../../lib/usb/libusb.a(usbgamepadxboxone.o)
                0x00000000000933d0                CUSBGamePadXboxOneDevice::GetProperties()
 *fill*         0x00000000000933d8        0x8 
 .text          0x00000000000933e0      0x8b0 ../../lib/usb/libusb.a(usbhiddevice.o)
                0x00000000000933e0                CUSBHIDDevice::SendCompletionRoutine(CUSBRequest*, void*, void*)
                0x0000000000093480                CUSBHIDDevice::CUSBHIDDevice(CUSBFunction*, unsigned int)
                0x0000000000093480                CUSBHIDDevice::CUSBHIDDevice(CUSBFunction*, unsigned int)
                0x00000000000934e0                CUSBHIDDevice::~CUSBHIDDevice()
                0x00000000000934e0                CUSBHIDDevice::~CUSBHIDDevice()
                0x0000000000093560                CUSBHIDDevice::~CUSBHIDDevice()
                0x0000000000093590                CUSBHIDDevice::ConfigureHID(unsigned int)
                0x0000000000093810                CUSBHIDDevice::SendToEndpointOut(void const*, unsigned int, unsigned int)
                0x00000000000938b0                CUSBHIDDevice::SendToEndpointOutAsync(void const*, unsigned int, unsigned int)
                0x00000000000939b0                CUSBHIDDevice::ReceiveFromEndpointIn(void*, unsigned int, unsigned int)
                0x0000000000093a50                CUSBHIDDevice::StartRequest()
                0x0000000000093b20                CUSBHIDDevice::CompletionRoutine(CUSBRequest*)
                0x0000000000093c60                CUSBHIDDevice::CompletionStub(CUSBRequest*, void*, void*)
 .text          0x0000000000093c90      0x680 ../../lib/usb/libusb.a(usbhostcontroller.o)
                0x0000000000093c90                CUSBHostController::UpdatePlugAndPlay()
                0x0000000000093de0                CUSBHostController::CUSBHostController(bool)
                0x0000000000093de0                CUSBHostController::CUSBHostController(bool)
                0x0000000000093e30                CUSBHostController::~CUSBHostController()
                0x0000000000093e30                CUSBHostController::~CUSBHostController()
                0x0000000000093e50                CUSBHostController::~CUSBHostController()
                0x0000000000093e90                CUSBHostController::ControlMessage(CUSBEndpoint*, unsigned char, unsigned char, unsigned short, unsigned short, void*, unsigned short)
                0x0000000000093fb0                CUSBHostController::GetDescriptor(CUSBEndpoint*, unsigned char, unsigned char, void*, unsigned int, unsigned char, unsigned short)
                0x0000000000093fe0                CUSBHostController::SetAddress(CUSBEndpoint*, unsigned char)
                0x0000000000094030                CUSBHostController::SetConfiguration(CUSBEndpoint*, unsigned char)
                0x0000000000094080                CUSBHostController::Transfer(CUSBEndpoint*, void*, unsigned int, unsigned int)
                0x0000000000094100                CUSBHostController::IsPlugAndPlay() const
                0x0000000000094110                CUSBHostController::PortStatusChanged(CUSBHCIRootPort*)
                0x0000000000094200                CUSBHostController::PortStatusChanged(CUSBStandardHub*)
                0x00000000000942e0                CUSBHostController::Get()
 .text          0x0000000000094310      0x5c0 ../../lib/usb/libusb.a(usbkeyboard.o)
                0x0000000000094320                CUSBKeyboardDevice::~CUSBKeyboardDevice()
                0x0000000000094320                CUSBKeyboardDevice::~CUSBKeyboardDevice()
                0x00000000000943a0                CUSBKeyboardDevice::~CUSBKeyboardDevice()
                0x00000000000943d0                CUSBKeyboardDevice::ReportHandler(unsigned char const*, unsigned int)
                0x0000000000094580                CUSBKeyboardDevice::CUSBKeyboardDevice(CUSBFunction*)
                0x0000000000094580                CUSBKeyboardDevice::CUSBKeyboardDevice(CUSBFunction*)
                0x00000000000945e0                CUSBKeyboardDevice::RegisterKeyPressedHandler(void (*)(char const*))
                0x00000000000945f0                CUSBKeyboardDevice::RegisterSelectConsoleHandler(void (*)(unsigned int))
                0x0000000000094600                CUSBKeyboardDevice::RegisterShutdownHandler(void (*)())
                0x0000000000094610                CUSBKeyboardDevice::GetLEDStatus() const
                0x0000000000094650                CUSBKeyboardDevice::RegisterKeyStatusHandlerRaw(void (*)(unsigned char, unsigned char const*, void*), bool, void*)
                0x0000000000094690                CUSBKeyboardDevice::RegisterKeyStatusHandlerRaw(void (*)(unsigned char, unsigned char const*), bool)
                0x00000000000946b0                CUSBKeyboardDevice::UnregisterKeyStatusHandlerRaw()
                0x00000000000946c0                CUSBKeyboardDevice::SetLEDs(unsigned char)
                0x0000000000094750                CUSBKeyboardDevice::Configure()
                0x0000000000094800                CUSBKeyboardDevice::UpdateLEDs()
                0x00000000000948a0                CUSBKeyboardDevice::FindByte(unsigned char const*, unsigned char, unsigned int)
 .text.startup  0x00000000000948d0       0x44 ../../lib/usb/libusb.a(usbkeyboard.o)
 *fill*         0x0000000000094914        0xc 
 .text          0x0000000000094920      0xf00 ../../lib/usb/libusb.a(usbmassdevice.o)
                0x0000000000094920                CUSBBulkOnlyMassStorageDevice::Seek(unsigned long)
                0x0000000000094930                CUSBBulkOnlyMassStorageDevice::~CUSBBulkOnlyMassStorageDevice()
                0x0000000000094930                CUSBBulkOnlyMassStorageDevice::~CUSBBulkOnlyMassStorageDevice()
                0x0000000000094a00                CUSBBulkOnlyMassStorageDevice::~CUSBBulkOnlyMassStorageDevice()
                0x0000000000094a30                CUSBBulkOnlyMassStorageDevice::GetSize() const
                0x0000000000094a90                CUSBBulkOnlyMassStorageDevice::CUSBBulkOnlyMassStorageDevice(CUSBFunction*)
                0x0000000000094a90                CUSBBulkOnlyMassStorageDevice::CUSBBulkOnlyMassStorageDevice(CUSBFunction*)
                0x0000000000094ad0                CUSBBulkOnlyMassStorageDevice::GetCapacity() const
                0x0000000000094ae0                CUSBBulkOnlyMassStorageDevice::Command(void*, unsigned long, void*, unsigned long, bool)
                0x0000000000094f10                CUSBBulkOnlyMassStorageDevice::TryRead(void*, unsigned long)
                0x0000000000094ff0                CUSBBulkOnlyMassStorageDevice::TryWrite(void const*, unsigned long)
                0x00000000000950d0                CUSBBulkOnlyMassStorageDevice::Reset()
                0x0000000000095260                CUSBBulkOnlyMassStorageDevice::Read(void*, unsigned long)
                0x0000000000095300                CUSBBulkOnlyMassStorageDevice::Write(void const*, unsigned long)
                0x00000000000953a0                CUSBBulkOnlyMassStorageDevice::Configure()
 .text.startup  0x0000000000095820       0x44 ../../lib/usb/libusb.a(usbmassdevice.o)
 *fill*         0x0000000000095864        0xc 
 .text          0x0000000000095870      0x8a8 ../../lib/usb/libusb.a(usbmidihost.o)
                0x0000000000095870                CUSBMIDIHostDevice::~CUSBMIDIHostDevice()
                0x0000000000095870                CUSBMIDIHostDevice::~CUSBMIDIHostDevice()
                0x0000000000095920                CUSBMIDIHostDevice::~CUSBMIDIHostDevice()
                0x0000000000095950                CUSBMIDIHostDevice::SendEventsHandler(unsigned char const*, unsigned int, void*)
                0x0000000000095a90                CUSBMIDIHostDevice::CUSBMIDIHostDevice(CUSBFunction*)
                0x0000000000095a90                CUSBMIDIHostDevice::CUSBMIDIHostDevice(CUSBFunction*)
                0x0000000000095ad0                CUSBMIDIHostDevice::StartRequest()
                0x0000000000095bb0                CUSBMIDIHostDevice::TimerStub(unsigned long, void*, void*)
                0x0000000000095c10                CUSBMIDIHostDevice::CompletionRoutine(CUSBRequest*)
                0x0000000000095e40                CUSBMIDIHostDevice::CompletionStub(CUSBRequest*, void*, void*)
                0x0000000000095e70                CUSBMIDIHostDevice::TimerHandler(unsigned long)
                0x0000000000095eb0                CUSBMIDIHostDevice::Configure()
 *fill*         0x0000000000096118        0x8 
 .text          0x0000000000096120      0x82c ../../lib/usb/libusb.a(usbmouse.o)
                0x0000000000096120                CUSBMouseDevice::~CUSBMouseDevice()
                0x0000000000096120                CUSBMouseDevice::~CUSBMouseDevice()
                0x0000000000096180                CUSBMouseDevice::~CUSBMouseDevice()
                0x00000000000961b0                CUSBMouseDevice::CUSBMouseDevice(CUSBFunction*)
                0x00000000000961b0                CUSBMouseDevice::CUSBMouseDevice(CUSBFunction*)
                0x00000000000961f0                CUSBMouseDevice::ExtractUnsigned(void const*, unsigned int, unsigned int)
                0x00000000000962a0                CUSBMouseDevice::ExtractSigned(void const*, unsigned int, unsigned int)
                0x0000000000096390                CUSBMouseDevice::ReportHandler(unsigned char const*, unsigned int)
                0x00000000000964c0                CUSBMouseDevice::DecodeReport()
                0x00000000000967d0                CUSBMouseDevice::Configure()
 *fill*         0x000000000009694c        0x4 
 .text          0x0000000000096950      0x3d0 ../../lib/usb/libusb.a(usbprinter.o)
                0x0000000000096950                CUSBPrinterDevice::~CUSBPrinterDevice()
                0x0000000000096950                CUSBPrinterDevice::~CUSBPrinterDevice()
                0x00000000000969f0                CUSBPrinterDevice::~CUSBPrinterDevice()
                0x0000000000096a20                CUSBPrinterDevice::Write(void const*, unsigned long)
                0x0000000000096ac0                CUSBPrinterDevice::CUSBPrinterDevice(CUSBFunction*)
                0x0000000000096ac0                CUSBPrinterDevice::CUSBPrinterDevice(CUSBFunction*)
                0x0000000000096b00                CUSBPrinterDevice::Configure()
 .text.startup  0x0000000000096d20       0x44 ../../lib/usb/libusb.a(usbprinter.o)
 *fill*         0x0000000000096d64        0xc 
 .text          0x0000000000096d70      0x548 ../../lib/usb/libusb.a(usbrequest.o)
                0x0000000000096d70                CUSBRequest::CUSBRequest(CUSBEndpoint*, void*, unsigned int, TSetupData*)
                0x0000000000096d70                CUSBRequest::CUSBRequest(CUSBEndpoint*, void*, unsigned int, TSetupData*)
                0x0000000000096df0                CUSBRequest::~CUSBRequest()
                0x0000000000096df0                CUSBRequest::~CUSBRequest()
                0x0000000000096e00                CUSBRequest::GetEndpoint() const
                0x0000000000096e30                CUSBRequest::SetStatus(int)
                0x0000000000096e40                CUSBRequest::SetResultLen(unsigned int)
                0x0000000000096e50                CUSBRequest::SetUSBError(TUSBError)
                0x0000000000096e60                CUSBRequest::GetStatus() const
                0x0000000000096e70                CUSBRequest::GetResultLength() const
                0x0000000000096ea0                CUSBRequest::GetUSBError() const
                0x0000000000096ed0                CUSBRequest::GetSetupData()
                0x0000000000096f30                CUSBRequest::GetBuffer()
                0x0000000000096f70                CUSBRequest::GetBufLen() const
                0x0000000000096f80                CUSBRequest::AddIsoPacket(unsigned short)
                0x0000000000097010                CUSBRequest::GetNumIsoPackets() const
                0x0000000000097040                CUSBRequest::GetIsoPacketSize(unsigned int) const
                0x0000000000097080                CUSBRequest::SetCompletionRoutine(void (*)(CUSBRequest*, void*, void*), void*, void*)
                0x00000000000970b0                CUSBRequest::CallCompletionRoutine()
                0x00000000000970f0                CUSBRequest::SetCompleteOnNAK()
                0x0000000000097100                CUSBRequest::IsCompleteOnNAK() const
                0x0000000000097110                CUSBRequest::operator new(unsigned long)
                0x0000000000097170                CUSBRequest::operator delete(void*, unsigned long)
                0x00000000000971d0                CUSBRequest::InitAllocator(unsigned int)
                0x0000000000097240                CUSBRequest::InitProtectedAllocator(unsigned int, unsigned int)
 *fill*         0x00000000000972b8        0x8 
 .text          0x00000000000972c0     0x11e8 ../../lib/usb/libusb.a(usbstandardhub.o)
                0x00000000000972c0                CUSBStandardHub::~CUSBStandardHub()
                0x00000000000972c0                CUSBStandardHub::~CUSBStandardHub()
                0x00000000000973d0                CUSBStandardHub::~CUSBStandardHub()
                0x0000000000097400                CUSBStandardHub::CUSBStandardHub(CUSBFunction*)
                0x0000000000097400                CUSBStandardHub::CUSBStandardHub(CUSBFunction*)
                0x0000000000097470                CUSBStandardHub::DisablePort(unsigned int)
                0x0000000000097540                CUSBStandardHub::RemoveDeviceAt(unsigned int)
                0x00000000000975a0                CUSBStandardHub::StartStatusChangeRequest()
                0x0000000000097670                CUSBStandardHub::CompletionRoutine(CUSBRequest*)
                0x0000000000097740                CUSBStandardHub::CompletionStub(CUSBRequest*, void*, void*)
                0x0000000000097770                CUSBStandardHub::Initialize()
                0x00000000000978b0                CUSBStandardHub::EnumeratePorts()
                0x0000000000097f60                CUSBStandardHub::ReScanDevices()
                0x0000000000097f70                CUSBStandardHub::Configure()
                0x00000000000980f0                CUSBStandardHub::HandlePortStatusChange()
 *fill*         0x00000000000984a8        0x8 
 .text.startup  0x00000000000984b0       0x44 ../../lib/usb/libusb.a(usbstandardhub.o)
 *fill*         0x00000000000984f4        0xc 
 .text          0x0000000000098500      0x5bc ../../lib/usb/libusb.a(usbstring.o)
                0x0000000000098500                CUSBString::CUSBString(CUSBDevice*)
                0x0000000000098500                CUSBString::CUSBString(CUSBDevice*)
                0x0000000000098560                CUSBString::CUSBString(CUSBString*)
                0x0000000000098560                CUSBString::CUSBString(CUSBString*)
                0x0000000000098630                CUSBString::~CUSBString()
                0x0000000000098630                CUSBString::~CUSBString()
                0x0000000000098680                CUSBString::GetFromDescriptor(unsigned char, unsigned short)
                0x0000000000098900                CUSBString::Get() const
                0x0000000000098910                CUSBString::GetLanguageID()
 *fill*         0x0000000000098abc        0x4 
 .text          0x0000000000098ac0      0x5b4 ../../lib/usb/libusb.a(usbserialch341.o)
                0x0000000000098ac0                CUSBSerialCH341Device::~CUSBSerialCH341Device()
                0x0000000000098ac0                CUSBSerialCH341Device::~CUSBSerialCH341Device()
                0x0000000000098ad0                CUSBSerialCH341Device::~CUSBSerialCH341Device()
                0x0000000000098b10                CUSBSerialCH341Device::SetBaudRate(unsigned int)
                0x0000000000098c30                CUSBSerialCH341Device::CUSBSerialCH341Device(CUSBFunction*)
                0x0000000000098c30                CUSBSerialCH341Device::CUSBSerialCH341Device(CUSBFunction*)
                0x0000000000098c60                CUSBSerialCH341Device::GetDeviceIDTable()
                0x0000000000098c70                CUSBSerialCH341Device::Configure()
                0x0000000000098e20                CUSBSerialCH341Device::SetLineProperties(TUSBSerialDataBits, TUSBSerialParity, TUSBSerialStopBits)
 *fill*         0x0000000000099074        0xc 
 .text          0x0000000000099080      0x678 ../../lib/usb/libusb.a(usbserialcp210x.o)
                0x0000000000099080                CUSBSerialCP210xDevice::~CUSBSerialCP210xDevice()
                0x0000000000099080                CUSBSerialCP210xDevice::~CUSBSerialCP210xDevice()
                0x0000000000099090                CUSBSerialCP210xDevice::~CUSBSerialCP210xDevice()
                0x00000000000990d0                CUSBSerialCP210xDevice::SetBaudRate(unsigned int)
                0x0000000000099200                CUSBSerialCP210xDevice::CUSBSerialCP210xDevice(CUSBFunction*)
                0x0000000000099200                CUSBSerialCP210xDevice::CUSBSerialCP210xDevice(CUSBFunction*)
                0x0000000000099240                CUSBSerialCP210xDevice::GetDeviceIDTable()
                0x0000000000099250                CUSBSerialCP210xDevice::Configure()
                0x0000000000099450                CUSBSerialCP210xDevice::SetLineProperties(TUSBSerialDataBits, TUSBSerialParity, TUSBSerialStopBits)
 *fill*         0x00000000000996f8        0x8 
 .text          0x0000000000099700      0x9a0 ../../lib/usb/libusb.a(usbserialpl2303.o)
                0x0000000000099700                CUSBSerialPL2303Device::~CUSBSerialPL2303Device()
                0x0000000000099700                CUSBSerialPL2303Device::~CUSBSerialPL2303Device()
                0x0000000000099710                CUSBSerialPL2303Device::~CUSBSerialPL2303Device()
                0x0000000000099750                CUSBSerialPL2303Device::SetBaudRate(unsigned int)
                0x0000000000099880                CUSBSerialPL2303Device::CUSBSerialPL2303Device(CUSBFunction*)
                0x0000000000099880                CUSBSerialPL2303Device::CUSBSerialPL2303Device(CUSBFunction*)
                0x00000000000998b0                CUSBSerialPL2303Device::GetDeviceIDTable()
                0x00000000000998c0                CUSBSerialPL2303Device::Configure()
                0x0000000000099e00                CUSBSerialPL2303Device::SetLineProperties(TUSBSerialDataBits, TUSBSerialParity, TUSBSerialStopBits)
 .text          0x000000000009a0a0      0x648 ../../lib/usb/libusb.a(usbserialft231x.o)
                0x000000000009a0a0                CUSBSerialFT231XDevice::~CUSBSerialFT231XDevice()
                0x000000000009a0a0                CUSBSerialFT231XDevice::~CUSBSerialFT231XDevice()
                0x000000000009a0b0                CUSBSerialFT231XDevice::~CUSBSerialFT231XDevice()
                0x000000000009a0f0                CUSBSerialFT231XDevice::SetBaudRate(unsigned int)
                0x000000000009a240                CUSBSerialFT231XDevice::CUSBSerialFT231XDevice(CUSBFunction*)
                0x000000000009a240                CUSBSerialFT231XDevice::CUSBSerialFT231XDevice(CUSBFunction*)
                0x000000000009a270                CUSBSerialFT231XDevice::GetDeviceIDTable()
                0x000000000009a280                CUSBSerialFT231XDevice::Configure()
                0x000000000009a4b0                CUSBSerialFT231XDevice::SetLineProperties(TUSBSerialDataBits, TUSBSerialParity, TUSBSerialStopBits)
 *fill*         0x000000000009a6e8        0x8 
 .text          0x000000000009a6f0      0x244 ../../lib/usb/libusb.a(usbserialcdc.o)
                0x000000000009a6f0                CUSBSerialCDCDevice::~CUSBSerialCDCDevice()
                0x000000000009a6f0                CUSBSerialCDCDevice::~CUSBSerialCDCDevice()
                0x000000000009a700                CUSBSerialCDCDevice::~CUSBSerialCDCDevice()
                0x000000000009a740                CUSBSerialCDCDevice::CUSBSerialCDCDevice(CUSBFunction*)
                0x000000000009a740                CUSBSerialCDCDevice::CUSBSerialCDCDevice(CUSBFunction*)
                0x000000000009a7a0                CUSBSerialCDCDevice::SetLineCoding()
                0x000000000009a8a0                CUSBSerialCDCDevice::SetBaudRate(unsigned int)
                0x000000000009a8b0                CUSBSerialCDCDevice::SetLineProperties(TUSBSerialDataBits, TUSBSerialParity, TUSBSerialStopBits)
                0x000000000009a8c0                CUSBSerialCDCDevice::Configure()
 *fill*         0x000000000009a934        0xc 
 .text          0x000000000009a940      0xa3c ../../lib/usb/libusb.a(usbtouchscreen.o)
                0x000000000009a940                CUSBTouchScreenDevice::~CUSBTouchScreenDevice()
                0x000000000009a940                CUSBTouchScreenDevice::~CUSBTouchScreenDevice()
                0x000000000009a990                CUSBTouchScreenDevice::~CUSBTouchScreenDevice()
                0x000000000009a9e0                CUSBTouchScreenDevice::CUSBTouchScreenDevice(CUSBFunction*)
                0x000000000009a9e0                CUSBTouchScreenDevice::CUSBTouchScreenDevice(CUSBFunction*)
                0x000000000009aa40                CUSBTouchScreenDevice::DecodeReportDescriptor(unsigned char const*, unsigned int)
                0x000000000009adf0                CUSBTouchScreenDevice::Configure()
                0x000000000009afe0                CUSBTouchScreenDevice::GetValue(void const*, CUSBTouchScreenDevice::TReportItem const&, unsigned int)
                0x000000000009b0a0                CUSBTouchScreenDevice::ReportHandler(unsigned char const*, unsigned int)
 *fill*         0x000000000009b37c        0x4 
 .text          0x000000000009b380      0x310 ../../lib/usb/libusb.a(dwhciregister.o)
                0x000000000009b380                CDWHCIRegister::CDWHCIRegister(unsigned int)
                0x000000000009b380                CDWHCIRegister::CDWHCIRegister(unsigned int)
                0x000000000009b390                CDWHCIRegister::CDWHCIRegister(unsigned int, unsigned int)
                0x000000000009b390                CDWHCIRegister::CDWHCIRegister(unsigned int, unsigned int)
                0x000000000009b3a0                CDWHCIRegister::~CDWHCIRegister()
                0x000000000009b3a0                CDWHCIRegister::~CDWHCIRegister()
                0x000000000009b3b0                CDWHCIRegister::Read()
                0x000000000009b3d0                CDWHCIRegister::Write()
                0x000000000009b410                CDWHCIRegister::Get() const
                0x000000000009b440                CDWHCIRegister::Set(unsigned int)
                0x000000000009b450                CDWHCIRegister::IsSet(unsigned int) const
                0x000000000009b490                CDWHCIRegister::And(unsigned int)
                0x000000000009b4d0                CDWHCIRegister::Or(unsigned int)
                0x000000000009b510                CDWHCIRegister::ClearBit(unsigned int)
                0x000000000009b580                CDWHCIRegister::SetBit(unsigned int)
                0x000000000009b5f0                CDWHCIRegister::ClearAll()
                0x000000000009b600                CDWHCIRegister::SetAll()
                0x000000000009b620                CDWHCIRegister::Dump() const
 .text          0x000000000009b690      0xfac ../../lib/usb/libusb.a(lan7800.o)
                0x000000000009b690                CLAN7800Device::GetMACAddress() const
                0x000000000009b6a0                CLAN7800Device::~CLAN7800Device()
                0x000000000009b6a0                CLAN7800Device::~CLAN7800Device()
                0x000000000009b720                non-virtual thunk to CLAN7800Device::~CLAN7800Device()
                0x000000000009b730                CLAN7800Device::~CLAN7800Device()
                0x000000000009b760                CLAN7800Device::ReceiveFrame(void*, unsigned int*)
                0x000000000009b900                non-virtual thunk to CLAN7800Device::ReceiveFrame(void*, unsigned int*)
                0x000000000009b9a0                CLAN7800Device::SendFrame(void const*, unsigned int)
                0x000000000009b9e0                non-virtual thunk to CLAN7800Device::GetMACAddress() const
                0x000000000009b9f0                non-virtual thunk to CLAN7800Device::~CLAN7800Device()
                0x000000000009ba20                non-virtual thunk to CLAN7800Device::SendFrame(void const*, unsigned int)
                0x000000000009ba60                CLAN7800Device::CLAN7800Device(CUSBFunction*)
                0x000000000009ba60                CLAN7800Device::CLAN7800Device(CUSBFunction*)
                0x000000000009baa0                CLAN7800Device::WriteReg(unsigned int, unsigned int)
                0x000000000009bb40                CLAN7800Device::ReadReg(unsigned int, unsigned int*)
                0x000000000009bbe0                CLAN7800Device::WaitReg(unsigned int, unsigned int, unsigned int, unsigned int, unsigned int)
                0x000000000009bcf0                CLAN7800Device::PHYWrite(unsigned char, unsigned short)
                0x000000000009bdb0                CLAN7800Device::PHYRead(unsigned char, unsigned short*)
                0x000000000009bea0                CLAN7800Device::IsLinkUp()
                0x000000000009bed0                CLAN7800Device::GetLinkSpeed()
                0x000000000009bf90                non-virtual thunk to CLAN7800Device::GetLinkSpeed()
                0x000000000009bfa0                CLAN7800Device::InitPHY()
                0x000000000009c010                non-virtual thunk to CLAN7800Device::IsLinkUp()
                0x000000000009c050                CLAN7800Device::ReadWriteReg(unsigned int, unsigned int, unsigned int)
                0x000000000009c0c0                CLAN7800Device::InitMACAddress()
                0x000000000009c200                CLAN7800Device::Configure()
 *fill*         0x000000000009c63c        0x4 
 .text._ZN10CNetDevice7GetTypeEv
                0x000000000009c640        0x8 ../../lib/usb/libusb.a(lan7800.o)
                0x000000000009c640                CNetDevice::GetType()
 *fill*         0x000000000009c648        0x8 
 .text._ZN10CNetDevice20IsSendFrameAdvisableEv
                0x000000000009c650        0x8 ../../lib/usb/libusb.a(lan7800.o)
                0x000000000009c650                CNetDevice::IsSendFrameAdvisable()
 *fill*         0x000000000009c658        0x8 
 .text._ZN10CNetDevice9UpdatePHYEv
                0x000000000009c660        0x8 ../../lib/usb/libusb.a(lan7800.o)
                0x000000000009c660                CNetDevice::UpdatePHY()
 *fill*         0x000000000009c668        0x8 
 .text          0x000000000009c670     0x12ac ../../lib/usb/libusb.a(smsc951x.o)
                0x000000000009c670                CSMSC951xDevice::GetMACAddress() const
                0x000000000009c680                CSMSC951xDevice::~CSMSC951xDevice()
                0x000000000009c680                CSMSC951xDevice::~CSMSC951xDevice()
                0x000000000009c700                non-virtual thunk to CSMSC951xDevice::~CSMSC951xDevice()
                0x000000000009c710                CSMSC951xDevice::~CSMSC951xDevice()
                0x000000000009c740                CSMSC951xDevice::ReceiveFrame(void*, unsigned int*)
                0x000000000009c8f0                non-virtual thunk to CSMSC951xDevice::ReceiveFrame(void*, unsigned int*)
                0x000000000009c990                CSMSC951xDevice::SendFrame(void const*, unsigned int)
                0x000000000009c9d0                non-virtual thunk to CSMSC951xDevice::GetMACAddress() const
                0x000000000009c9e0                non-virtual thunk to CSMSC951xDevice::~CSMSC951xDevice()
                0x000000000009ca10                non-virtual thunk to CSMSC951xDevice::SendFrame(void const*, unsigned int)
                0x000000000009ca50                CSMSC951xDevice::CSMSC951xDevice(CUSBFunction*)
                0x000000000009ca50                CSMSC951xDevice::CSMSC951xDevice(CUSBFunction*)
                0x000000000009ca90                CSMSC951xDevice::PHYWaitNotBusy()
                0x000000000009cb70                CSMSC951xDevice::PHYWrite(unsigned char, unsigned short)
                0x000000000009cc70                CSMSC951xDevice::PHYRead(unsigned char, unsigned short*)
                0x000000000009cda0                CSMSC951xDevice::IsLinkUp()
                0x000000000009ce90                non-virtual thunk to CSMSC951xDevice::IsLinkUp()
                0x000000000009cf80                CSMSC951xDevice::GetLinkSpeed()
                0x000000000009d0c0                non-virtual thunk to CSMSC951xDevice::GetLinkSpeed()
                0x000000000009d210                CSMSC951xDevice::WriteReg(unsigned int, unsigned int)
                0x000000000009d280                CSMSC951xDevice::ReadReg(unsigned int, unsigned int*)
                0x000000000009d2f0                CSMSC951xDevice::DumpReg(char const*, unsigned int)
                0x000000000009d3b0                CSMSC951xDevice::DumpRegs()
                0x000000000009d560                CSMSC951xDevice::Configure()
 *fill*         0x000000000009d91c        0x4 
 .text          0x000000000009d920      0x664 ../../lib/usb/libusb.a(usbbluetooth.o)
                0x000000000009d920                CUSBBluetoothDevice::~CUSBBluetoothDevice()
                0x000000000009d920                CUSBBluetoothDevice::~CUSBBluetoothDevice()
                0x000000000009da00                CUSBBluetoothDevice::~CUSBBluetoothDevice()
                0x000000000009da30                CUSBBluetoothDevice::CUSBBluetoothDevice(CUSBFunction*)
                0x000000000009da30                CUSBBluetoothDevice::CUSBBluetoothDevice(CUSBFunction*)
                0x000000000009da70                CUSBBluetoothDevice::SendHCICommand(void const*, unsigned int)
                0x000000000009dae0                CUSBBluetoothDevice::StartRequest()
                0x000000000009dbb0                CUSBBluetoothDevice::RegisterHCIEventHandler(void (*)(void const*, unsigned int))
                0x000000000009dbe0                CUSBBluetoothDevice::CompletionRoutine(CUSBRequest*)
                0x000000000009dd10                CUSBBluetoothDevice::CompletionStub(CUSBRequest*, void*, void*)
                0x000000000009dd40                CUSBBluetoothDevice::Configure()
 *fill*         0x000000000009df84        0xc 
 .text.startup  0x000000000009df90       0x44 ../../lib/usb/libusb.a(usbbluetooth.o)
 *fill*         0x000000000009dfd4        0xc 
 .text          0x000000000009dfe0      0x690 ../../lib/usb/libusb.a(usbcdcethernet.o)
                0x000000000009dfe0                CUSBCDCEthernetDevice::GetMACAddress() const
                0x000000000009dff0                CUSBCDCEthernetDevice::~CUSBCDCEthernetDevice()
                0x000000000009dff0                CUSBCDCEthernetDevice::~CUSBCDCEthernetDevice()
                0x000000000009e070                non-virtual thunk to CUSBCDCEthernetDevice::~CUSBCDCEthernetDevice()
                0x000000000009e080                CUSBCDCEthernetDevice::~CUSBCDCEthernetDevice()
                0x000000000009e0b0                CUSBCDCEthernetDevice::SendFrame(void const*, unsigned int)
                0x000000000009e160                non-virtual thunk to CUSBCDCEthernetDevice::SendFrame(void const*, unsigned int)
                0x000000000009e170                CUSBCDCEthernetDevice::ReceiveFrame(void*, unsigned int*)
                0x000000000009e280                non-virtual thunk to CUSBCDCEthernetDevice::ReceiveFrame(void*, unsigned int*)
                0x000000000009e290                non-virtual thunk to CUSBCDCEthernetDevice::GetMACAddress() const
                0x000000000009e2a0                non-virtual thunk to CUSBCDCEthernetDevice::~CUSBCDCEthernetDevice()
                0x000000000009e2d0                CUSBCDCEthernetDevice::CUSBCDCEthernetDevice(CUSBFunction*)
                0x000000000009e2d0                CUSBCDCEthernetDevice::CUSBCDCEthernetDevice(CUSBFunction*)
                0x000000000009e310                CUSBCDCEthernetDevice::InitMACAddress(unsigned char)
                0x000000000009e440                CUSBCDCEthernetDevice::Configure()
 .text._ZN10CNetDevice8IsLinkUpEv
                0x000000000009e670        0x8 ../../lib/usb/libusb.a(usbcdcethernet.o)
                0x000000000009e670                CNetDevice::IsLinkUp()
 *fill*         0x000000000009e678        0x8 
 .text._ZN10CNetDevice12GetLinkSpeedEv
                0x000000000009e680        0x8 ../../lib/usb/libusb.a(usbcdcethernet.o)
                0x000000000009e680                CNetDevice::GetLinkSpeed()
 *fill*         0x000000000009e688        0x8 
 .text          0x000000000009e690      0x35c ../../lib/usb/libusb.a(usbconfigparser.o)
                0x000000000009e690                CUSBConfigurationParser::CUSBConfigurationParser(void const*, unsigned int)
                0x000000000009e690                CUSBConfigurationParser::CUSBConfigurationParser(void const*, unsigned int)
                0x000000000009e800                CUSBConfigurationParser::CUSBConfigurationParser(CUSBConfigurationParser*)
                0x000000000009e800                CUSBConfigurationParser::CUSBConfigurationParser(CUSBConfigurationParser*)
                0x000000000009e860                CUSBConfigurationParser::~CUSBConfigurationParser()
                0x000000000009e860                CUSBConfigurationParser::~CUSBConfigurationParser()
                0x000000000009e870                CUSBConfigurationParser::IsValid() const
                0x000000000009e880                CUSBConfigurationParser::GetDescriptor(unsigned char)
                0x000000000009e930                CUSBConfigurationParser::GetCurrentDescriptor()